// Jest Snapshot v1, https://goo.gl/fbAQLP

exports[`PickRole should render with given state from Redux store 1`] = `undefined`;
