// Jest Snapshot v1, https://goo.gl/fbAQLP

exports[`EventDialog Component Matches the snapshot 1`] = `<div />`;
