// Jest Snapshot v1, https://goo.gl/fbAQLP

exports[`SystemNotification Component Matches the snapshot 1`] = `<div />`;
