// Jest Snapshot v1, https://goo.gl/fbAQLP

exports[`EventFilter Component Matches the snapshot 1`] = `null`;
