// Jest Snapshot v1, https://goo.gl/fbAQLP

exports[`FacilityFilter Component Matches the snapshot 1`] = `null`;
