// Jest Snapshot v1, https://goo.gl/fbAQLP

exports[`UserFilter Component Matches the snapshot 1`] = `null`;
